// Jest Snapshot v1, https://goo.gl/fbAQLP

exports[`Notification tests Should match snapshot 1`] = `
<div>
  <button
    aria-expanded="false"
    class="z-10 subpixel-antialiased focus-visible:outline-none aria-expanded:scale-1 aria-expanded:opacity-100"
    data-slot="trigger"
    data-testid="notify-button"
    type="button"
  >
    <i
      class="w-6 h-6 flex justify-center items-center hover:cursor-pointer fill-secondary dark:fill-white"
    >
      <svg
        height="20"
        width="16"
        xmlns="http://www.w3.org/2000/svg"
      >
        <path
          d="M15.29 15.29 14 14V9c0-3.07-1.64-5.64-4.5-6.32V2C9.5 1.17 8.83.5 8 .5S6.5 1.17 6.5 2v.68C3.63 3.36 2 5.92 2 9v5L.71 15.29c-.63.63-.19 1.71.7 1.71h13.17c.9 0 1.34-1.08.71-1.71ZM12 15H4V9c0-2.48 1.51-4.5 4-4.5s4 2.02 4 4.5v6Zm-4 5c1.1 0 2-.9 2-2H6a2 2 0 0 0 2 2Z"
        />
      </svg>
    </i>
  </button>
</div>
`;
