// Jest Snapshot v1, https://goo.gl/fbAQLP

exports[`Input search tests Should match snapshot 1`] = `
<div>
  <div
    class="group flex flex-col data-[hidden=true]:hidden w-full group relative justify-end data-[has-label=true]:mt-[calc(theme(fontSize.small)_+_10px)]"
    data-filled="true"
    data-filled-within="true"
    data-slot="base"
  >
    <div
      class="relative w-full inline-flex tap-highlight-transparent flex-row items-center shadow-sm px-3 gap-3 data-[hover=true]:bg-default-200 h-10 min-h-10 transition-background motion-reduce:transition-none !duration-150 outline-none group-data-[focus-visible=true]:z-10 group-data-[focus-visible=true]:ring-2 group-data-[focus-visible=true]:ring-focus group-data-[focus-visible=true]:ring-offset-2 group-data-[focus-visible=true]:ring-offset-background md:w-96 xl:w-fit bg-gray group-data-[focus=true]:bg-gray dark:bg-indigo-dark dark:group-data-[focus=true]:bg-indigo-dark rounded-[30px]"
      data-slot="input-wrapper"
      data-testid="search-wrapper"
      style="cursor: text;"
    >
      <div
        class="w-full items-center h-full box-border flex gap-[11px] pl-[8px]"
        data-slot="inner-wrapper"
      >
        <span>
          <svg
            class="[&>line]:stroke-primary [&>line]:dark:stroke-white [&>circle]:stroke-primary [&>circle]:dark:stroke-white"
            fill="none"
            height="12"
            viewBox="0 0 11 12"
            width="11"
            xmlns="http://www.w3.org/2000/svg"
          >
            <circle
              cx="5"
              cy="5"
              r="4.3"
              stroke="#2B3674"
              stroke-width="1.4"
            />
            <line
              stroke="#2B3674"
              stroke-linecap="round"
              stroke-width="1.4"
              x1="10.0101"
              x2="8"
              y1="11"
              y2="8.98995"
            />
          </svg>
        </span>
        <input
          aria-label="Search"
          class="w-full font-normal bg-transparent !outline-none placeholder:text-foreground-500 focus-visible:outline-none data-[has-start-content=true]:ps-1.5 data-[has-end-content=true]:pe-1.5 file:cursor-pointer file:bg-transparent file:border-0 autofill:bg-transparent bg-clip-text text-small group-data-[has-value=true]:text-default-foreground placeholder-purple-50 dark:placeholder-white text-primary dark:text-white"
          data-has-start-content="true"
          data-slot="input"
          data-testid="input-search"
          id="react-aria-:r0:"
          placeholder="Search"
          type="search"
          value=""
        />
      </div>
    </div>
  </div>
</div>
`;
