// Jest Snapshot v1, https://goo.gl/fbAQLP

exports[`SummaryCard tests Should match snapshot 1`] = `
<div>
  <div
    class="flex justify-between p-3 sm:justify-start sm:gap-[18px] items-center bg-white dark:bg-indigo 4xl:p-5 flex-1 rounded-md lg:min-w-[248px] 2xl:min-w-40"
  >
    <div
      class="h-14 min-w-14 rounded-full bg-gray dark:bg-indigo-light flex justify-center items-center p-3"
    >
      <svg
        class="[&>path]:stroke-primary [&>path]:dark:stroke-white"
        fill="none"
        height="17"
        viewBox="0 0 19 17"
        width="19"
        xmlns="http://www.w3.org/2000/svg"
      >
        <path
          d="M9.32703 3.71619V13.2787"
          stroke-linecap="round"
          stroke-linejoin="round"
          stroke-width="1.5"
        />
        <path
          d="M14.3896 8.49744H4.26459"
          stroke-linecap="round"
          stroke-linejoin="round"
          stroke-width="1.5"
        />
      </svg>
    </div>
    <div
      class="flex flex-col gap-[3px]"
    >
      <span
        class="text-secondary dark:text-secondary text-small font-medium"
      >
        Earnings
      </span>
      <b
        class="text-primary dark:text-white text-1.5xl font-bold leading-xl"
      >
        Â 
        $350.5
      </b>
    </div>
  </div>
</div>
`;
